2025-06-05T08:58:29.077+03:00  INFO 4183 --- [restartedMain] org.example.AuthApplication              : Starting AuthApplication using Java 21.0.7 with PID 4183 (/Users/andrshv/IdeaProjects/YouTubeLightProjectAuth/target/classes started by andrshv in /Users/andrshv/IdeaProjects/YouTubeLightProjectAuth)
2025-06-05T08:58:29.080+03:00  INFO 4183 --- [restartedMain] org.example.AuthApplication              : The following 1 profile is active: "dev"
2025-06-05T08:58:29.097+03:00  INFO 4183 --- [restartedMain] .e.DevToolsPropertyDefaultsPostProcessor : Devtools property defaults active! Set 'spring.devtools.add-properties' to 'false' to disable
2025-06-05T08:58:29.097+03:00  INFO 4183 --- [restartedMain] .e.DevToolsPropertyDefaultsPostProcessor : For additional web related logging consider setting the 'logging.level.web' property to 'DEBUG'
2025-06-05T08:58:29.301+03:00  INFO 4183 --- [restartedMain] .s.d.r.c.RepositoryConfigurationDelegate : Bootstrapping Spring Data JPA repositories in DEFAULT mode.
2025-06-05T08:58:29.345+03:00  INFO 4183 --- [restartedMain] .s.d.r.c.RepositoryConfigurationDelegate : Finished Spring Data repository scanning in 42 ms. Found 1 JPA repository interfaces.
2025-06-05T08:58:29.386+03:00  INFO 4183 --- [restartedMain] faultConfiguringBeanFactoryPostProcessor : No bean named 'errorChannel' has been explicitly defined. Therefore, a default PublishSubscribeChannel will be created.
2025-06-05T08:58:29.389+03:00  INFO 4183 --- [restartedMain] faultConfiguringBeanFactoryPostProcessor : No bean named 'integrationHeaderChannelRegistry' has been explicitly defined. Therefore, a default DefaultHeaderChannelRegistry will be created.
2025-06-05T08:58:29.588+03:00  INFO 4183 --- [restartedMain] o.s.b.w.embedded.tomcat.TomcatWebServer  : Tomcat initialized with port(s): 8080 (http)
2025-06-05T08:58:29.592+03:00  INFO 4183 --- [restartedMain] o.apache.catalina.core.StandardService   : Starting service [Tomcat]
2025-06-05T08:58:29.592+03:00  INFO 4183 --- [restartedMain] o.apache.catalina.core.StandardEngine    : Starting Servlet engine: [Apache Tomcat/10.1.13]
2025-06-05T08:58:29.611+03:00  INFO 4183 --- [restartedMain] o.a.c.c.C.[Tomcat].[localhost].[/]       : Initializing Spring embedded WebApplicationContext
2025-06-05T08:58:29.611+03:00  INFO 4183 --- [restartedMain] w.s.c.ServletWebServerApplicationContext : Root WebApplicationContext: initialization completed in 514 ms
2025-06-05T08:58:29.661+03:00  INFO 4183 --- [restartedMain] o.hibernate.jpa.internal.util.LogHelper  : HHH000204: Processing PersistenceUnitInfo [name: default]
2025-06-05T08:58:29.675+03:00  INFO 4183 --- [restartedMain] org.hibernate.Version                    : HHH000412: Hibernate ORM core version 6.2.9.Final
2025-06-05T08:58:29.676+03:00  INFO 4183 --- [restartedMain] org.hibernate.cfg.Environment            : HHH000406: Using bytecode reflection optimizer
2025-06-05T08:58:29.717+03:00  INFO 4183 --- [restartedMain] o.h.b.i.BytecodeProviderInitiator        : HHH000021: Bytecode provider name : bytebuddy
2025-06-05T08:58:29.753+03:00  INFO 4183 --- [restartedMain] o.s.o.j.p.SpringPersistenceUnitInfo      : No LoadTimeWeaver setup: ignoring JPA class transformer
2025-06-05T08:58:29.758+03:00  INFO 4183 --- [restartedMain] com.zaxxer.hikari.HikariDataSource       : HikariPool-1 - Starting...
2025-06-05T08:58:29.876+03:00  INFO 4183 --- [restartedMain] com.zaxxer.hikari.pool.HikariPool        : HikariPool-1 - Added connection com.mysql.cj.jdbc.ConnectionImpl@dab1797
2025-06-05T08:58:29.877+03:00  INFO 4183 --- [restartedMain] com.zaxxer.hikari.HikariDataSource       : HikariPool-1 - Start completed.
2025-06-05T08:58:29.944+03:00  INFO 4183 --- [restartedMain] o.h.b.i.BytecodeProviderInitiator        : HHH000021: Bytecode provider name : bytebuddy
2025-06-05T08:58:30.112+03:00  INFO 4183 --- [restartedMain] o.h.e.t.j.p.i.JtaPlatformInitiator       : HHH000490: Using JtaPlatform implementation: [org.hibernate.engine.transaction.jta.platform.internal.NoJtaPlatform]
2025-06-05T08:58:30.128+03:00  INFO 4183 --- [restartedMain] j.LocalContainerEntityManagerFactoryBean : Initialized JPA EntityManagerFactory for persistence unit 'default'
2025-06-05T08:58:30.294+03:00  WARN 4183 --- [restartedMain] JpaBaseConfiguration$JpaWebConfiguration : spring.jpa.open-in-view is enabled by default. Therefore, database queries may be performed during view rendering. Explicitly configure spring.jpa.open-in-view to disable this warning
2025-06-05T08:58:30.380+03:00  INFO 4183 --- [restartedMain] o.s.s.web.DefaultSecurityFilterChain     : Will secure any request with [org.springframework.security.web.session.DisableEncodeUrlFilter@61e579f2, org.springframework.security.web.context.request.async.WebAsyncManagerIntegrationFilter@3a824c83, org.springframework.security.web.context.SecurityContextHolderFilter@3a25f757, org.springframework.security.web.header.HeaderWriterFilter@473b560b, org.springframework.security.web.authentication.logout.LogoutFilter@287297f1, org.example.util.JwtAuthFilter@7f75c11d, org.springframework.security.web.savedrequest.RequestCacheAwareFilter@7f8f27b4, org.springframework.security.web.servletapi.SecurityContextHolderAwareRequestFilter@1a7e091a, org.springframework.security.web.authentication.AnonymousAuthenticationFilter@43f97cbc, org.springframework.security.web.session.SessionManagementFilter@141cdd26, org.springframework.security.web.access.ExceptionTranslationFilter@67992943, org.springframework.security.web.access.intercept.AuthorizationFilter@4d92c5c8]
2025-06-05T08:58:30.502+03:00  INFO 4183 --- [restartedMain] o.s.b.d.a.OptionalLiveReloadServer       : LiveReload server is running on port 35729
2025-06-05T08:58:30.536+03:00  INFO 4183 --- [restartedMain] o.s.i.endpoint.EventDrivenConsumer       : Adding {logging-channel-adapter:_org.springframework.integration.errorLogger} as a subscriber to the 'errorChannel' channel
2025-06-05T08:58:30.536+03:00  INFO 4183 --- [restartedMain] o.s.i.channel.PublishSubscribeChannel    : Channel 'application.errorChannel' has 1 subscriber(s).
2025-06-05T08:58:30.536+03:00  INFO 4183 --- [restartedMain] o.s.i.endpoint.EventDrivenConsumer       : started bean '_org.springframework.integration.errorLogger'
2025-06-05T08:58:30.541+03:00  INFO 4183 --- [restartedMain] o.s.b.w.embedded.tomcat.TomcatWebServer  : Tomcat started on port(s): 8080 (http) with context path ''
2025-06-05T08:58:30.546+03:00  INFO 4183 --- [restartedMain] org.example.AuthApplication              : Started AuthApplication in 1.599 seconds (process running for 1.75)
2025-06-05T08:59:07.532+03:00  INFO 4183 --- [SpringApplicationShutdownHook] o.s.i.endpoint.EventDrivenConsumer       : Removing {logging-channel-adapter:_org.springframework.integration.errorLogger} as a subscriber to the 'errorChannel' channel
2025-06-05T08:59:07.532+03:00  INFO 4183 --- [SpringApplicationShutdownHook] o.s.i.channel.PublishSubscribeChannel    : Channel 'application.errorChannel' has 0 subscriber(s).
2025-06-05T08:59:07.532+03:00  INFO 4183 --- [SpringApplicationShutdownHook] o.s.i.endpoint.EventDrivenConsumer       : stopped bean '_org.springframework.integration.errorLogger'
2025-06-05T08:59:07.534+03:00  INFO 4183 --- [SpringApplicationShutdownHook] j.LocalContainerEntityManagerFactoryBean : Closing JPA EntityManagerFactory for persistence unit 'default'
2025-06-05T08:59:07.535+03:00  INFO 4183 --- [SpringApplicationShutdownHook] com.zaxxer.hikari.HikariDataSource       : HikariPool-1 - Shutdown initiated...
2025-06-05T08:59:07.543+03:00  INFO 4183 --- [SpringApplicationShutdownHook] com.zaxxer.hikari.HikariDataSource       : HikariPool-1 - Shutdown completed.
